{
  "id": "",
  "title": "How photosynthesis works",
  "models": [
    "openai/chatgpt-4o-latest"
  ],
  "params": {},
  "history": {
    "messages": {
      "00000000-0000-0000-0000-000000000002": {
        "id": "00000000-0000-0000-0000-000000000002",
        "parentId": null,
        "childrenIds": [
          "00000000-0000-0000-0000-000000000003"
        ],
        "role": "user",
        "content": "Can you explain how photosynthesis works in simple terms?",
        "timestamp": 1750537483,
        "models": [
          "openai/chatgpt-4o-latest"
        ]
      },
      "00000000-0000-0000-0000-000000000003": {
        "id": "00000000-0000-0000-0000-000000000003",
        "parentId": "00000000-0000-0000-0000-000000000002",
        "childrenIds": [
          "00000000-0000-0000-0000-000000000004"
        ],
        "role": "assistant",
        "content": "Photosynthesis is the process plants use to make their own food. They take in sunlight, carbon dioxide (from the air), and water (from the soil). Using sunlight as energy, they convert these into glucose (a type of sugar) and oxygen. The glucose gives the plant energy to grow, and the oxygen is released into the air.\n\nIf you want a more detailed explanation, including the specific steps or chemical reactions involved, just let me know.",
        "timestamp": 1750537483,
        "model": "openai/chatgpt-4o-latest",
        "modelName": "ChatGPT 4o (latest)",
        "modelIdx": 0,
        "userContext": null,
        "lastSentence": "If you want a more detailed explanation, including the specific steps or chemical reactions involved, just let me know.",
        "usage": {
          "prompt_tokens": 0,
          "completion_tokens": 0,
          "total_tokens": 0
        },
        "done": true
      },
      "00000000-0000-0000-0000-000000000004": {
        "id": "00000000-0000-0000-0000-000000000004",
        "parentId": "00000000-0000-0000-0000-000000000003",
        "childrenIds": [
          "00000000-0000-0000-0000-000000000005"
        ],
        "role": "user",
        "content": "Why is sunlight important?",
        "timestamp": 1750537499,
        "models": [
          "openai/chatgpt-4o-latest"
        ]
      },
      "00000000-0000-0000-0000-000000000005": {
        "id": "00000000-0000-0000-0000-000000000005",
        "parentId": "00000000-0000-0000-0000-000000000004",
        "childrenIds": [
          "00000000-0000-0000-0000-000000000006"
        ],
        "role": "assistant",
        "content": "Sunlight is important in photosynthesis because it provides the energy plants need to convert carbon dioxide and water into glucose. Without sunlight, the plant can't power this process, so it can't make food or grow.\n\nIf you\u2019d like to know how light energy is captured and used at the molecular level, feel free to ask.",
        "timestamp": 1750537499,
        "model": "openai/chatgpt-4o-latest",
        "modelName": "ChatGPT 4o (latest)",
        "modelIdx": 0,
        "userContext": null,
        "lastSentence": "If you\u2019d like to know how light energy is captured and used at the molecular level, feel free to ask.",
        "usage": {
          "prompt_tokens": 0,
          "completion_tokens": 0,
          "total_tokens": 0
        },
        "done": true
      },
      "00000000-0000-0000-0000-000000000006": {
        "id": "00000000-0000-0000-0000-000000000006",
        "parentId": "00000000-0000-0000-0000-000000000005",
        "childrenIds": [
          "00000000-0000-0000-0000-000000000007"
        ],
        "role": "user",
        "content": "What is an ecosystem",
        "timestamp": 1750537510,
        "models": [
          "openai/chatgpt-4o-latest"
        ]
      },
      "00000000-0000-0000-0000-000000000007": {
        "id": "00000000-0000-0000-0000-000000000007",
        "parentId": "00000000-0000-0000-0000-000000000006",
        "childrenIds": [
          "00000000-0000-0000-0000-000000000008"
        ],
        "role": "assistant",
        "content": "An ecosystem is a community of living things (like plants, animals, and microbes) interacting with each other and with their non-living environment (like air, water, and soil) in a specific area. Everything in an ecosystem is connected\u2014changes to one part can affect the whole system.\n\nLet me know if you want examples or details about types of ecosystems.",
        "timestamp": 1750537510,
        "model": "openai/chatgpt-4o-latest",
        "modelName": "ChatGPT 4o (latest)",
        "modelIdx": 0,
        "userContext": null,
        "lastSentence": "Let me know if you want examples or details about types of ecosystems.",
        "usage": {
          "prompt_tokens": 0,
          "completion_tokens": 0,
          "total_tokens": 0
        },
        "done": true
      },
      "00000000-0000-0000-0000-000000000008": {
        "id": "00000000-0000-0000-0000-000000000008",
        "parentId": "00000000-0000-0000-0000-000000000007",
        "childrenIds": [
          "00000000-0000-0000-0000-000000000009"
        ],
        "role": "user",
        "content": "Are ponds sentient?",
        "timestamp": 1750537523,
        "models": [
          "openai/chatgpt-4o-latest"
        ]
      },
      "00000000-0000-0000-0000-000000000009": {
        "id": "00000000-0000-0000-0000-000000000009",
        "parentId": "00000000-0000-0000-0000-000000000008",
        "childrenIds": [
          "00000000-0000-0000-0000-00000000000a"
        ],
        "role": "assistant",
        "content": "No, ponds are not sentient. Sentience means having the ability to feel, perceive, or experience subjectively\u2014something only animals with nervous systems, like humans and many other creatures, are known to have. A pond is an ecosystem, not a living, thinking being.\n\nIf you're curious about how ecosystems like ponds function or support sentient life, I can explain that too.",
        "timestamp": 1750537524,
        "model": "openai/chatgpt-4o-latest",
        "modelName": "ChatGPT 4o (latest)",
        "modelIdx": 0,
        "userContext": null,
        "lastSentence": "If you're curious about how ecosystems like ponds function or support sentient life, I can explain that too.",
        "usage": {
          "prompt_tokens": 0,
          "completion_tokens": 0,
          "total_tokens": 0
        },
        "done": true
      },
      "00000000-0000-0000-0000-00000000000a": {
        "id": "00000000-0000-0000-0000-00000000000a",
        "parentId": "00000000-0000-0000-0000-000000000009",
        "childrenIds": [
          "00000000-0000-0000-0000-00000000000b"
        ],
        "role": "user",
        "content": "What about forests?",
        "timestamp": 1750537532,
        "models": [
          "openai/chatgpt-4o-latest"
        ]
      },
      "00000000-0000-0000-0000-00000000000b": {
        "id": "00000000-0000-0000-0000-00000000000b",
        "parentId": "00000000-0000-0000-0000-00000000000a",
        "childrenIds": [],
        "role": "assistant",
        "content": "Forests, like ponds, are not sentient\u2014they don\u2019t have thoughts, feelings, or awareness. However, forests are complex ecosystems with many living, sometimes sentient, organisms (like animals) interacting with non-living elements (like sunlight and soil). \n\nIf you\u2019re interested in the idea of forests communicating or behaving in coordinated ways (like through tree root networks), I can explain that too.",
        "timestamp": 1750537532,
        "model": "openai/chatgpt-4o-latest",
        "modelName": "ChatGPT 4o (latest)",
        "modelIdx": 0,
        "userContext": null,
        "lastSentence": "If you\u2019re interested in the idea of forests communicating or behaving in coordinated ways (like through tree root networks), I can explain that too.",
        "usage": {
          "prompt_tokens": 0,
          "completion_tokens": 0,
          "total_tokens": 0
        },
        "done": true
      }
    },
    "currentId": "00000000-0000-0000-0000-00000000000b"
  },
  "messages": [
    {
      "id": "00000000-0000-0000-0000-000000000002",
      "parentId": null,
      "childrenIds": [
        "00000000-0000-0000-0000-000000000003"
      ],
      "role": "user",
      "content": "Can you explain how photosynthesis works in simple terms?",
      "timestamp": 1750537483,
      "models": [
        "openai/chatgpt-4o-latest"
      ]
    },
    {
      "id": "00000000-0000-0000-0000-000000000003",
      "parentId": "00000000-0000-0000-0000-000000000002",
      "childrenIds": [
        "00000000-0000-0000-0000-000000000004"
      ],
      "role": "assistant",
      "content": "Photosynthesis is the process plants use to make their own food. They take in sunlight, carbon dioxide (from the air), and water (from the soil). Using sunlight as energy, they convert these into glucose (a type of sugar) and oxygen. The glucose gives the plant energy to grow, and the oxygen is released into the air.\n\nIf you want a more detailed explanation, including the specific steps or chemical reactions involved, just let me know.",
      "timestamp": 1750537483,
      "model": "openai/chatgpt-4o-latest",
      "modelName": "ChatGPT 4o (latest)",
      "modelIdx": 0,
      "userContext": null,
      "lastSentence": "If you want a more detailed explanation, including the specific steps or chemical reactions involved, just let me know.",
      "usage": {
        "prompt_tokens": 0,
        "completion_tokens": 0,
        "total_tokens": 0
      },
      "done": true
    },
    {
      "id": "00000000-0000-0000-0000-000000000004",
      "parentId": "00000000-0000-0000-0000-000000000003",
      "childrenIds": [
        "00000000-0000-0000-0000-000000000005"
      ],
      "role": "user",
      "content": "Why is sunlight important?",
      "timestamp": 1750537499,
      "models": [
        "openai/chatgpt-4o-latest"
      ]
    },
    {
      "id": "00000000-0000-0000-0000-000000000005",
      "parentId": "00000000-0000-0000-0000-000000000004",
      "childrenIds": [
        "00000000-0000-0000-0000-000000000006"
      ],
      "role": "assistant",
      "content": "Sunlight is important in photosynthesis because it provides the energy plants need to convert carbon dioxide and water into glucose. Without sunlight, the plant can't power this process, so it can't make food or grow.\n\nIf you\u2019d like to know how light energy is captured and used at the molecular level, feel free to ask.",
      "timestamp": 1750537499,
      "model": "openai/chatgpt-4o-latest",
      "modelName": "ChatGPT 4o (latest)",
      "modelIdx": 0,
      "userContext": null,
      "lastSentence": "If you\u2019d like to know how light energy is captured and used at the molecular level, feel free to ask.",
      "usage": {
        "prompt_tokens": 0,
        "completion_tokens": 0,
        "total_tokens": 0
      },
      "done": true
    },
    {
      "id": "00000000-0000-0000-0000-000000000006",
      "parentId": "00000000-0000-0000-0000-000000000005",
      "childrenIds": [
        "00000000-0000-0000-0000-000000000007"
      ],
      "role": "user",
      "content": "What is an ecosystem",
      "timestamp": 1750537510,
      "models": [
        "openai/chatgpt-4o-latest"
      ]
    },
    {
      "id": "00000000-0000-0000-0000-000000000007",
      "parentId": "00000000-0000-0000-0000-000000000006",
      "childrenIds": [
        "00000000-0000-0000-0000-000000000008"
      ],
      "role": "assistant",
      "content": "An ecosystem is a community of living things (like plants, animals, and microbes) interacting with each other and with their non-living environment (like air, water, and soil) in a specific area. Everything in an ecosystem is connected\u2014changes to one part can affect the whole system.\n\nLet me know if you want examples or details about types of ecosystems.",
      "timestamp": 1750537510,
      "model": "openai/chatgpt-4o-latest",
      "modelName": "ChatGPT 4o (latest)",
      "modelIdx": 0,
      "userContext": null,
      "lastSentence": "Let me know if you want examples or details about types of ecosystems.",
      "usage": {
        "prompt_tokens": 0,
        "completion_tokens": 0,
        "total_tokens": 0
      },
      "done": true
    },
    {
      "id": "00000000-0000-0000-0000-000000000008",
      "parentId": "00000000-0000-0000-0000-000000000007",
      "childrenIds": [
        "00000000-0000-0000-0000-000000000009"
      ],
      "role": "user",
      "content": "Are ponds sentient?",
      "timestamp": 1750537523,
      "models": [
        "openai/chatgpt-4o-latest"
      ]
    },
    {
      "id": "00000000-0000-0000-0000-000000000009",
      "parentId": "00000000-0000-0000-0000-000000000008",
      "childrenIds": [
        "00000000-0000-0000-0000-00000000000a"
      ],
      "role": "assistant",
      "content": "No, ponds are not sentient. Sentience means having the ability to feel, perceive, or experience subjectively\u2014something only animals with nervous systems, like humans and many other creatures, are known to have. A pond is an ecosystem, not a living, thinking being.\n\nIf you're curious about how ecosystems like ponds function or support sentient life, I can explain that too.",
      "timestamp": 1750537524,
      "model": "openai/chatgpt-4o-latest",
      "modelName": "ChatGPT 4o (latest)",
      "modelIdx": 0,
      "userContext": null,
      "lastSentence": "If you're curious about how ecosystems like ponds function or support sentient life, I can explain that too.",
      "usage": {
        "prompt_tokens": 0,
        "completion_tokens": 0,
        "total_tokens": 0
      },
      "done": true
    },
    {
      "id": "00000000-0000-0000-0000-00000000000a",
      "parentId": "00000000-0000-0000-0000-000000000009",
      "childrenIds": [
        "00000000-0000-0000-0000-00000000000b"
      ],
      "role": "user",
      "content": "What about forests?",
      "timestamp": 1750537532,
      "models": [
        "openai/chatgpt-4o-latest"
      ]
    },
    {
      "id": "00000000-0000-0000-0000-00000000000b",
      "parentId": "00000000-0000-0000-0000-00000000000a",
      "childrenIds": [],
      "role": "assistant",
      "content": "Forests, like ponds, are not sentient\u2014they don\u2019t have thoughts, feelings, or awareness. However, forests are complex ecosystems with many living, sometimes sentient, organisms (like animals) interacting with non-living elements (like sunlight and soil). \n\nIf you\u2019re interested in the idea of forests communicating or behaving in coordinated ways (like through tree root networks), I can explain that too.",
      "timestamp": 1750537532,
      "model": "openai/chatgpt-4o-latest",
      "modelName": "ChatGPT 4o (latest)",
      "modelIdx": 0,
      "userContext": null,
      "lastSentence": "If you\u2019re interested in the idea of forests communicating or behaving in coordinated ways (like through tree root networks), I can explain that too.",
      "usage": {
        "prompt_tokens": 0,
        "completion_tokens": 0,
        "total_tokens": 0
      },
      "done": true
    }
  ],
  "tags": [],
  "timestamp": 1750537482970,
  "files": [],
  "userId": "user"
}
